Archive member included to satisfy reference by file (symbol)

/usr/lib/gcc/arm-none-eabi/8.2.0/../../../../arm-none-eabi/lib/thumb/v7e-m+fp/hard/libc_nano.a(lib_a-atexit.o)
                              /usr/lib/gcc/arm-none-eabi/8.2.0/../../../../arm-none-eabi/lib/thumb/v7e-m+fp/hard/crt0.o (atexit)
/usr/lib/gcc/arm-none-eabi/8.2.0/../../../../arm-none-eabi/lib/thumb/v7e-m+fp/hard/libc_nano.a(lib_a-exit.o)
                              /usr/lib/gcc/arm-none-eabi/8.2.0/../../../../arm-none-eabi/lib/thumb/v7e-m+fp/hard/crt0.o (exit)
/usr/lib/gcc/arm-none-eabi/8.2.0/../../../../arm-none-eabi/lib/thumb/v7e-m+fp/hard/libc_nano.a(lib_a-fini.o)
                              /usr/lib/gcc/arm-none-eabi/8.2.0/../../../../arm-none-eabi/lib/thumb/v7e-m+fp/hard/crt0.o (__libc_fini_array)
/usr/lib/gcc/arm-none-eabi/8.2.0/../../../../arm-none-eabi/lib/thumb/v7e-m+fp/hard/libc_nano.a(lib_a-impure.o)
                              /usr/lib/gcc/arm-none-eabi/8.2.0/../../../../arm-none-eabi/lib/thumb/v7e-m+fp/hard/libc_nano.a(lib_a-exit.o) (_global_impure_ptr)
/usr/lib/gcc/arm-none-eabi/8.2.0/../../../../arm-none-eabi/lib/thumb/v7e-m+fp/hard/libc_nano.a(lib_a-init.o)
                              /usr/lib/gcc/arm-none-eabi/8.2.0/../../../../arm-none-eabi/lib/thumb/v7e-m+fp/hard/crt0.o (__libc_init_array)
/usr/lib/gcc/arm-none-eabi/8.2.0/../../../../arm-none-eabi/lib/thumb/v7e-m+fp/hard/libc_nano.a(lib_a-memset.o)
                              /usr/lib/gcc/arm-none-eabi/8.2.0/../../../../arm-none-eabi/lib/thumb/v7e-m+fp/hard/crt0.o (memset)
/usr/lib/gcc/arm-none-eabi/8.2.0/../../../../arm-none-eabi/lib/thumb/v7e-m+fp/hard/libc_nano.a(lib_a-__atexit.o)
                              /usr/lib/gcc/arm-none-eabi/8.2.0/../../../../arm-none-eabi/lib/thumb/v7e-m+fp/hard/libc_nano.a(lib_a-atexit.o) (__register_exitproc)
/usr/lib/gcc/arm-none-eabi/8.2.0/../../../../arm-none-eabi/lib/thumb/v7e-m+fp/hard/libc_nano.a(lib_a-__call_atexit.o)
                              /usr/lib/gcc/arm-none-eabi/8.2.0/../../../../arm-none-eabi/lib/thumb/v7e-m+fp/hard/libc_nano.a(lib_a-__atexit.o) (__call_exitprocs)
/usr/lib/gcc/arm-none-eabi/8.2.0/../../../../arm-none-eabi/lib/thumb/v7e-m+fp/hard/libnosys.a(_exit.o)
                              /usr/lib/gcc/arm-none-eabi/8.2.0/../../../../arm-none-eabi/lib/thumb/v7e-m+fp/hard/libc_nano.a(lib_a-exit.o) (_exit)
/usr/lib/gcc/arm-none-eabi/8.2.0/thumb/v7e-m+fp/hard/libgcc.a(_aeabi_uldivmod.o)
                              build/stm32f4xx_hal_rcc.o (__aeabi_uldivmod)
/usr/lib/gcc/arm-none-eabi/8.2.0/thumb/v7e-m+fp/hard/libgcc.a(_udivmoddi4.o)
                              /usr/lib/gcc/arm-none-eabi/8.2.0/thumb/v7e-m+fp/hard/libgcc.a(_aeabi_uldivmod.o) (__udivmoddi4)
/usr/lib/gcc/arm-none-eabi/8.2.0/thumb/v7e-m+fp/hard/libgcc.a(_dvmd_tls.o)
                              /usr/lib/gcc/arm-none-eabi/8.2.0/thumb/v7e-m+fp/hard/libgcc.a(_aeabi_uldivmod.o) (__aeabi_ldiv0)

Allocating common symbols
Common symbol       size              file

hdma_sdio_rx        0x60              build/main.o
uwTick              0x4               build/stm32f4xx_hal.o
pFlash              0x20              build/stm32f4xx_hal_flash.o
rx_buf              0x4               build/main.o
hsd                 0x84              build/main.o
hspi1               0x58              build/main.o
hdma_spi1_rx        0x60              build/main.o

Discarded input sections

 .text          0x0000000000000000        0x0 /usr/lib/gcc/arm-none-eabi/8.2.0/thumb/v7e-m+fp/hard/crti.o
 .data          0x0000000000000000        0x0 /usr/lib/gcc/arm-none-eabi/8.2.0/thumb/v7e-m+fp/hard/crti.o
 .bss           0x0000000000000000        0x0 /usr/lib/gcc/arm-none-eabi/8.2.0/thumb/v7e-m+fp/hard/crti.o
 .text          0x0000000000000000        0x0 /usr/lib/gcc/arm-none-eabi/8.2.0/thumb/v7e-m+fp/hard/crtbegin.o
 .data          0x0000000000000000        0x0 /usr/lib/gcc/arm-none-eabi/8.2.0/thumb/v7e-m+fp/hard/crtbegin.o
 .bss           0x0000000000000000        0x0 /usr/lib/gcc/arm-none-eabi/8.2.0/thumb/v7e-m+fp/hard/crtbegin.o
 .data.__dso_handle
                0x0000000000000000        0x4 /usr/lib/gcc/arm-none-eabi/8.2.0/thumb/v7e-m+fp/hard/crtbegin.o
 .text          0x0000000000000000       0x68 /usr/lib/gcc/arm-none-eabi/8.2.0/../../../../arm-none-eabi/lib/thumb/v7e-m+fp/hard/crt0.o
 .data          0x0000000000000000        0x0 /usr/lib/gcc/arm-none-eabi/8.2.0/../../../../arm-none-eabi/lib/thumb/v7e-m+fp/hard/crt0.o
 .bss           0x0000000000000000        0x0 /usr/lib/gcc/arm-none-eabi/8.2.0/../../../../arm-none-eabi/lib/thumb/v7e-m+fp/hard/crt0.o
 .ARM.extab     0x0000000000000000        0x0 /usr/lib/gcc/arm-none-eabi/8.2.0/../../../../arm-none-eabi/lib/thumb/v7e-m+fp/hard/crt0.o
 .ARM.exidx     0x0000000000000000        0x8 /usr/lib/gcc/arm-none-eabi/8.2.0/../../../../arm-none-eabi/lib/thumb/v7e-m+fp/hard/crt0.o
 .ARM.attributes
[...]
Memory Configuration

Name             Origin             Length             Attributes
RAM              0x0000000020000000 0x0000000000020000 xrw
CCMRAM           0x0000000010000000 0x0000000000010000 rw
FLASH            0x0000000008000000 0x0000000000080000 xr
*default*        0x0000000000000000 0xffffffffffffffff

Linker script and memory map

LOAD /usr/lib/gcc/arm-none-eabi/8.2.0/thumb/v7e-m+fp/hard/crti.o
LOAD /usr/lib/gcc/arm-none-eabi/8.2.0/thumb/v7e-m+fp/hard/crtbegin.o
LOAD /usr/lib/gcc/arm-none-eabi/8.2.0/../../../../arm-none-eabi/lib/thumb/v7e-m+fp/hard/crt0.o
LOAD build/main.o
LOAD build/stm32f4xx_it.o
LOAD build/stm32f4xx_hal_msp.o
LOAD build/stm32f4xx_ll_sdmmc.o
LOAD build/stm32f4xx_hal_sd.o
LOAD build/stm32f4xx_hal_spi.o
LOAD build/stm32f4xx_hal_tim.o
LOAD build/stm32f4xx_hal_tim_ex.o
LOAD build/stm32f4xx_hal_rcc.o
LOAD build/stm32f4xx_hal_rcc_ex.o
LOAD build/stm32f4xx_hal_flash.o
LOAD build/stm32f4xx_hal_flash_ex.o
LOAD build/stm32f4xx_hal_flash_ramfunc.o
LOAD build/stm32f4xx_hal_gpio.o
LOAD build/stm32f4xx_hal_dma_ex.o
LOAD build/stm32f4xx_hal_dma.o
LOAD build/stm32f4xx_hal_pwr.o
LOAD build/stm32f4xx_hal_pwr_ex.o
LOAD build/stm32f4xx_hal_cortex.o
LOAD build/stm32f4xx_hal.o
LOAD build/system_stm32f4xx.o
LOAD build/startup_stm32f407xx.o
LOAD /usr/lib/gcc/arm-none-eabi/8.2.0/../../../../arm-none-eabi/lib/thumb/v7e-m+fp/hard/libc_nano.a
LOAD /usr/lib/gcc/arm-none-eabi/8.2.0/../../../../arm-none-eabi/lib/thumb/v7e-m+fp/hard/libm.a
LOAD /usr/lib/gcc/arm-none-eabi/8.2.0/../../../../arm-none-eabi/lib/thumb/v7e-m+fp/hard/libnosys.a
START GROUP
LOAD /usr/lib/gcc/arm-none-eabi/8.2.0/thumb/v7e-m+fp/hard/libgcc.a
LOAD /usr/lib/gcc/arm-none-eabi/8.2.0/../../../../arm-none-eabi/lib/thumb/v7e-m+fp/hard/libc_nano.a
END GROUP
START GROUP
LOAD /usr/lib/gcc/arm-none-eabi/8.2.0/thumb/v7e-m+fp/hard/libgcc.a
LOAD /usr/lib/gcc/arm-none-eabi/8.2.0/../../../../arm-none-eabi/lib/thumb/v7e-m+fp/hard/libc_nano.a
END GROUP
LOAD /usr/lib/gcc/arm-none-eabi/8.2.0/thumb/v7e-m+fp/hard/crtend.o
LOAD /usr/lib/gcc/arm-none-eabi/8.2.0/thumb/v7e-m+fp/hard/crtn.o
                0x0000000020020000                _estack = 0x20020000
                0x0000000000000200                _Min_Heap_Size = 0x200
                0x0000000000000400                _Min_Stack_Size = 0x400

.isr_vector     0x0000000008000000      0x188
                0x0000000008000000                . = ALIGN (0x4)
 *(.isr_vector)
 .isr_vector    0x0000000008000000      0x188 build/startup_stm32f407xx.o
                0x0000000008000000                g_pfnVectors
                0x0000000008000188                . = ALIGN (0x4)

.text           0x0000000008000188     0x2da4
                0x0000000008000188                . = ALIGN (0x4)
 *(.text)
 .text          0x0000000008000188       0x30 /usr/lib/gcc/arm-none-eabi/8.2.0/thumb/v7e-m+fp/hard/libgcc.a(_aeabi_uldivmod.o)
                0x0000000008000188                __aeabi_uldivmod
 .text          0x00000000080001b8        0x4 /usr/lib/gcc/arm-none-eabi/8.2.0/thumb/v7e-m+fp/hard/libgcc.a(_dvmd_tls.o)
                0x00000000080001b8                __aeabi_ldiv0
                0x00000000080001b8                __aeabi_idiv0
 *(.text*)
 .text.__do_global_dtors_aux
                0x00000000080001bc       0x24 /usr/lib/gcc/arm-none-eabi/8.2.0/thumb/v7e-m+fp/hard/crtbegin.o
 .text.frame_dummy
                0x00000000080001e0       0x1c /usr/lib/gcc/arm-none-eabi/8.2.0/thumb/v7e-m+fp/hard/crtbegin.o
 .text.MX_GPIO_Init
                0x00000000080001fc       0xc8 build/main.o
 .text.MX_DMA_Init
                0x00000000080002c4       0x44 build/main.o
 .text.MX_SDIO_SD_Init
                0x0000000008000308       0x30 build/main.o
 .text.MX_SPI1_Init
                0x0000000008000338       0x38 build/main.o
 .text.SystemClock_Config
                0x0000000008000370       0x88 build/main.o
                0x0000000008000370                SystemClock_Config
 .text.ADC_Setup
                0x00000000080003f8       0x44 build/main.o
                0x00000000080003f8                ADC_Setup
 .text.read_accel
                0x000000000800043c       0x5c build/main.o
                0x000000000800043c                read_accel
 .text.write_to_sd
                0x0000000008000498       0x30 build/main.o
                0x0000000008000498                write_to_sd
 .text.main     0x00000000080004c8       0x50 build/main.o
                0x00000000080004c8                main
 .text.Error_Handler
                0x0000000008000518        0x2 build/main.o
                0x0000000008000518                Error_Handler
 .text.NMI_Handler
                0x000000000800051a        0x2 build/stm32f4xx_it.o
                0x000000000800051a                NMI_Handler
 .text.HardFault_Handler
                0x000000000800051c        0x2 build/stm32f4xx_it.o
                0x000000000800051c                HardFault_Handler
 .text.MemManage_Handler
                0x000000000800051e        0x2 build/stm32f4xx_it.o
                0x000000000800051e                MemManage_Handler
 .text.BusFault_Handler
                0x0000000008000520        0x2 build/stm32f4xx_it.o
                0x0000000008000520                BusFault_Handler
 .text.UsageFault_Handler
                0x0000000008000522        0x2 build/stm32f4xx_it.o
                0x0000000008000522                UsageFault_Handler
 .text.SVC_Handler
                0x0000000008000524        0x2 build/stm32f4xx_it.o
                0x0000000008000524                SVC_Handler
 .text.DebugMon_Handler
                0x0000000008000526        0x2 build/stm32f4xx_it.o
                0x0000000008000526                DebugMon_Handler
 .text.PendSV_Handler
                0x0000000008000528        0x2 build/stm32f4xx_it.o
                0x0000000008000528                PendSV_Handler
 .text.SysTick_Handler
                0x000000000800052a        0x8 build/stm32f4xx_it.o
                0x000000000800052a                SysTick_Handler
 *fill*         0x0000000008000532        0x2 
 .text.SDIO_IRQHandler
                0x0000000008000534       0x10 build/stm32f4xx_it.o
                0x0000000008000534                SDIO_IRQHandler
 .text.DMA2_Stream0_IRQHandler
                0x0000000008000544       0x10 build/stm32f4xx_it.o
                0x0000000008000544                DMA2_Stream0_IRQHandler
 .text.DMA2_Stream3_IRQHandler
                0x0000000008000554       0x10 build/stm32f4xx_it.o
                0x0000000008000554                DMA2_Stream3_IRQHandler
 .text.HAL_MspInit
                0x0000000008000564       0x38 build/stm32f4xx_hal_msp.o
                0x0000000008000564                HAL_MspInit
 .text.HAL_SD_MspInit
                0x000000000800059c      0x114 build/stm32f4xx_hal_msp.o
                0x000000000800059c                HAL_SD_MspInit
 .text.HAL_SPI_MspInit
                0x00000000080006b0       0xa8 build/stm32f4xx_hal_msp.o
                0x00000000080006b0                HAL_SPI_MspInit
 .text.SDMMC_GetCmdError
                0x0000000008000758       0x3c build/stm32f4xx_ll_sdmmc.o
 .text.SDMMC_GetCmdResp2
                0x0000000008000794       0x5c build/stm32f4xx_ll_sdmmc.o
 .text.SDMMC_GetCmdResp3
                0x00000000080007f0       0x4c build/stm32f4xx_ll_sdmmc.o
 .text.SDMMC_GetCmdResp7
                0x000000000800083c       0x54 build/stm32f4xx_ll_sdmmc.o
 .text.SDIO_Init
                0x0000000008000890       0x38 build/stm32f4xx_ll_sdmmc.o
                0x0000000008000890                SDIO_Init
 .text.SDIO_ReadFIFO
                0x00000000080008c8        0x6 build/stm32f4xx_ll_sdmmc.o
                0x00000000080008c8                SDIO_ReadFIFO
 .text.SDIO_WriteFIFO
                0x00000000080008ce        0xa build/stm32f4xx_ll_sdmmc.o
                0x00000000080008ce                SDIO_WriteFIFO
 .text.SDIO_PowerState_ON
                0x00000000080008d8        0x8 build/stm32f4xx_ll_sdmmc.o
                0x00000000080008d8                SDIO_PowerState_ON
 .text.SDIO_GetPowerState
                0x00000000080008e0        0x8 build/stm32f4xx_ll_sdmmc.o
                0x00000000080008e0                SDIO_GetPowerState
 .text.SDIO_SendCommand
                0x00000000080008e8       0x24 build/stm32f4xx_ll_sdmmc.o
                0x00000000080008e8                SDIO_SendCommand
 .text.SDIO_GetCommandResponse
                0x000000000800090c        0x6 build/stm32f4xx_ll_sdmmc.o
                0x000000000800090c                SDIO_GetCommandResponse
 .text.SDIO_GetResponse
                0x0000000008000912       0x14 build/stm32f4xx_ll_sdmmc.o
                0x0000000008000912                SDIO_GetResponse
 *fill*         0x0000000008000926        0x2 
 .text.SDMMC_GetCmdResp1
                0x0000000008000928      0x154 build/stm32f4xx_ll_sdmmc.o
 .text.SDMMC_GetCmdResp6
                0x0000000008000a7c       0xa0 build/stm32f4xx_ll_sdmmc.o
 .text.SDIO_ConfigData
                0x0000000008000b1c       0x24 build/stm32f4xx_ll_sdmmc.o
                0x0000000008000b1c                SDIO_ConfigData
 .text.SDMMC_CmdBlockLength
                0x0000000008000b40       0x30 build/stm32f4xx_ll_sdmmc.o
                0x0000000008000b40                SDMMC_CmdBlockLength
 .text.SDMMC_CmdWriteSingleBlock
                0x0000000008000b70       0x30 build/stm32f4xx_ll_sdmmc.o
                0x0000000008000b70                SDMMC_CmdWriteSingleBlock
 .text.SDMMC_CmdWriteMultiBlock
                0x0000000008000ba0       0x30 build/stm32f4xx_ll_sdmmc.o
                0x0000000008000ba0                SDMMC_CmdWriteMultiBlock
 .text.SDMMC_CmdStopTransfer
                0x0000000008000bd0       0x34 build/stm32f4xx_ll_sdmmc.o
                0x0000000008000bd0                SDMMC_CmdStopTransfer
 .text.SDMMC_CmdSelDesel
                0x0000000008000c04       0x30 build/stm32f4xx_ll_sdmmc.o
                0x0000000008000c04                SDMMC_CmdSelDesel
 .text.SDMMC_CmdGoIdleState
                0x0000000008000c34       0x26 build/stm32f4xx_ll_sdmmc.o
                0x0000000008000c34                SDMMC_CmdGoIdleState
 .text.SDMMC_CmdOperCond
                0x0000000008000c5a       0x2e build/stm32f4xx_ll_sdmmc.o
                0x0000000008000c5a                SDMMC_CmdOperCond
 .text.SDMMC_CmdAppCommand
                0x0000000008000c88       0x30 build/stm32f4xx_ll_sdmmc.o
                0x0000000008000c88                SDMMC_CmdAppCommand
 .text.SDMMC_CmdAppOperCommand
                0x0000000008000cb8       0x32 build/stm32f4xx_ll_sdmmc.o
                0x0000000008000cb8                SDMMC_CmdAppOperCommand
 .text.SDMMC_CmdBusWidth
                0x0000000008000cea       0x30 build/stm32f4xx_ll_sdmmc.o
                0x0000000008000cea                SDMMC_CmdBusWidth
 .text.SDMMC_CmdSendSCR
                0x0000000008000d1a       0x30 build/stm32f4xx_ll_sdmmc.o
                0x0000000008000d1a                SDMMC_CmdSendSCR
 .text.SDMMC_CmdSendCID
                0x0000000008000d4a       0x2a build/stm32f4xx_ll_sdmmc.o
                0x0000000008000d4a                SDMMC_CmdSendCID
 .text.SDMMC_CmdSendCSD
                0x0000000008000d74       0x2a build/stm32f4xx_ll_sdmmc.o
                0x0000000008000d74                SDMMC_CmdSendCSD
 .text.SDMMC_CmdSetRelAdd
                0x0000000008000d9e       0x30 build/stm32f4xx_ll_sdmmc.o
                0x0000000008000d9e                SDMMC_CmdSetRelAdd
 .text.SDMMC_CmdSendStatus
                0x0000000008000dce       0x30 build/stm32f4xx_ll_sdmmc.o
                0x0000000008000dce                SDMMC_CmdSendStatus
 .text.SD_PowerON
                0x0000000008000dfe       0xdc build/stm32f4xx_hal_sd.o
 .text.SD_Read_IT
                0x0000000008000eda       0x24 build/stm32f4xx_hal_sd.o
 .text.SD_Write_IT
                0x0000000008000efe       0x24 build/stm32f4xx_hal_sd.o
 .text.SD_FindSCR
                0x0000000008000f22      0x106 build/stm32f4xx_hal_sd.o
 .text.SD_WideBus_Enable
                0x0000000008001028       0x56 build/stm32f4xx_hal_sd.o
 .text.SD_WideBus_Disable
                0x000000000800107e       0x56 build/stm32f4xx_hal_sd.o
 .text.SD_SendStatus
                0x00000000080010d4       0x2c build/stm32f4xx_hal_sd.o
 .text.HAL_SD_WriteBlocks
                0x0000000008001100      0x1ea build/stm32f4xx_hal_sd.o
                0x0000000008001100                HAL_SD_WriteBlocks
 .text.HAL_SD_TxCpltCallback
                0x00000000080012ea        0x2 build/stm32f4xx_hal_sd.o
                0x00000000080012ea                HAL_SD_TxCpltCallback
 .text.HAL_SD_RxCpltCallback
                0x00000000080012ec        0x2 build/stm32f4xx_hal_sd.o
                0x00000000080012ec                HAL_SD_RxCpltCallback
 .text.HAL_SD_ErrorCallback
                0x00000000080012ee        0x2 build/stm32f4xx_hal_sd.o
                0x00000000080012ee                HAL_SD_ErrorCallback
 .text.HAL_SD_AbortCallback
                0x00000000080012f0        0x2 build/stm32f4xx_hal_sd.o
                0x00000000080012f0                HAL_SD_AbortCallback
 .text.HAL_SD_GetCardCSD
                0x00000000080012f2      0x1e2 build/stm32f4xx_hal_sd.o
                0x00000000080012f2                HAL_SD_GetCardCSD
 .text.SD_InitCard
                0x00000000080014d4       0xf6 build/stm32f4xx_hal_sd.o
 *fill*         0x00000000080015ca        0x2 
 .text.HAL_SD_InitCard
                0x00000000080015cc       0x78 build/stm32f4xx_hal_sd.o
                0x00000000080015cc                HAL_SD_InitCard
 .text.HAL_SD_Init
                0x0000000008001644       0x32 build/stm32f4xx_hal_sd.o
                0x0000000008001644                HAL_SD_Init
 .text.HAL_SD_ConfigWideBusOperation
                0x0000000008001676       0xa0 build/stm32f4xx_hal_sd.o
                0x0000000008001676                HAL_SD_ConfigWideBusOperation
 .text.HAL_SD_GetCardState
                0x0000000008001716       0x24 build/stm32f4xx_hal_sd.o
                0x0000000008001716                HAL_SD_GetCardState
 .text.SD_DMATxAbort
                0x000000000800173a       0x4a build/stm32f4xx_hal_sd.o
 .text.SD_DMARxAbort
                0x0000000008001784       0x4a build/stm32f4xx_hal_sd.o
 *fill*         0x00000000080017ce        0x2 
 .text.HAL_SD_IRQHandler
                0x00000000080017d0      0x1dc build/stm32f4xx_hal_sd.o
                0x00000000080017d0                HAL_SD_IRQHandler
 .text.SPI_WaitFlagStateUntilTimeout
                0x00000000080019ac       0x96 build/stm32f4xx_hal_spi.o
 .text.SPI_CheckFlag_BSY
                0x0000000008001a42       0x28 build/stm32f4xx_hal_spi.o
 .text.HAL_SPI_Init
                0x0000000008001a6a       0x80 build/stm32f4xx_hal_spi.o
                0x0000000008001a6a                HAL_SPI_Init
 .text.HAL_SPI_Transmit
                0x0000000008001aea      0x198 build/stm32f4xx_hal_spi.o
                0x0000000008001aea                HAL_SPI_Transmit
 .text.HAL_SPI_TransmitReceive
                0x0000000008001c82      0x238 build/stm32f4xx_hal_spi.o
                0x0000000008001c82                HAL_SPI_TransmitReceive
 *fill*         0x0000000008001eba        0x2 
 .text.HAL_RCC_OscConfig
                0x0000000008001ebc      0x398 build/stm32f4xx_hal_rcc.o
                0x0000000008001ebc                HAL_RCC_OscConfig
 .text.HAL_RCC_GetSysClockFreq
                0x0000000008002254       0xa4 build/stm32f4xx_hal_rcc.o
                0x0000000008002254                HAL_RCC_GetSysClockFreq
 .text.HAL_RCC_ClockConfig
                0x00000000080022f8      0x15c build/stm32f4xx_hal_rcc.o
                0x00000000080022f8                HAL_RCC_ClockConfig
 .text.HAL_GPIO_Init
                0x0000000008002454      0x1c8 build/stm32f4xx_hal_gpio.o
                0x0000000008002454                HAL_GPIO_Init
 .text.HAL_GPIO_WritePin
                0x000000000800261c        0xc build/stm32f4xx_hal_gpio.o
                0x000000000800261c                HAL_GPIO_WritePin
 .text.DMA_CalcBaseAndBitshift
                0x0000000008002628       0x44 build/stm32f4xx_hal_dma.o
 .text.DMA_CheckFifoParam
                0x000000000800266c       0x8e build/stm32f4xx_hal_dma.o
 *fill*         0x00000000080026fa        0x2 
 .text.HAL_DMA_Init
                0x00000000080026fc       0xcc build/stm32f4xx_hal_dma.o
                0x00000000080026fc                HAL_DMA_Init
 .text.HAL_DMA_Abort_IT
                0x00000000080027c8       0x26 build/stm32f4xx_hal_dma.o
                0x00000000080027c8                HAL_DMA_Abort_IT
 *fill*         0x00000000080027ee        0x2 
 .text.HAL_DMA_IRQHandler
                0x00000000080027f0      0x1dc build/stm32f4xx_hal_dma.o
                0x00000000080027f0                HAL_DMA_IRQHandler
 .text.HAL_NVIC_SetPriorityGrouping
                0x00000000080029cc       0x24 build/stm32f4xx_hal_cortex.o
                0x00000000080029cc                HAL_NVIC_SetPriorityGrouping
 .text.HAL_NVIC_SetPriority
                0x00000000080029f0       0x68 build/stm32f4xx_hal_cortex.o
                0x00000000080029f0                HAL_NVIC_SetPriority
 .text.HAL_NVIC_EnableIRQ
                0x0000000008002a58       0x18 build/stm32f4xx_hal_cortex.o
                0x0000000008002a58                HAL_NVIC_EnableIRQ
 .text.HAL_SYSTICK_Config
                0x0000000008002a70       0x2c build/stm32f4xx_hal_cortex.o
                0x0000000008002a70                HAL_SYSTICK_Config
 .text.HAL_InitTick
                0x0000000008002a9c       0x4c build/stm32f4xx_hal.o
                0x0000000008002a9c                HAL_InitTick
 .text.HAL_Init
                0x0000000008002ae8       0x34 build/stm32f4xx_hal.o
                0x0000000008002ae8                HAL_Init
 .text.HAL_IncTick
                0x0000000008002b1c       0x18 build/stm32f4xx_hal.o
                0x0000000008002b1c                HAL_IncTick
 .text.HAL_GetTick
                0x0000000008002b34        0xc build/stm32f4xx_hal.o
                0x0000000008002b34                HAL_GetTick
 .text.HAL_Delay
                0x0000000008002b40       0x28 build/stm32f4xx_hal.o
                0x0000000008002b40                HAL_Delay
 .text.SystemInit
                0x0000000008002b68       0x4c build/system_stm32f4xx.o
                0x0000000008002b68                SystemInit
 .text.Reset_Handler
                0x0000000008002bb4       0x50 build/startup_stm32f407xx.o
                0x0000000008002bb4                Reset_Handler
 .text.Default_Handler
                0x0000000008002c04        0x2 build/startup_stm32f407xx.o
                0x0000000008002c04                RTC_Alarm_IRQHandler
                0x0000000008002c04                HASH_RNG_IRQHandler
                0x0000000008002c04                EXTI2_IRQHandler
                0x0000000008002c04                TIM8_CC_IRQHandler
                0x0000000008002c04                TIM1_CC_IRQHandler
                0x0000000008002c04                DMA2_Stream5_IRQHandler
                0x0000000008002c04                DMA1_Stream5_IRQHandler
                0x0000000008002c04                PVD_IRQHandler
                0x0000000008002c04                TAMP_STAMP_IRQHandler
                0x0000000008002c04                CAN2_RX1_IRQHandler
                0x0000000008002c04                EXTI3_IRQHandler
                0x0000000008002c04                TIM8_TRG_COM_TIM14_IRQHandler
                0x0000000008002c04                TIM1_UP_TIM10_IRQHandler
                0x0000000008002c04                TIM8_UP_TIM13_IRQHandler
                0x0000000008002c04                I2C3_ER_IRQHandler
                0x0000000008002c04                EXTI0_IRQHandler
                0x0000000008002c04                I2C2_EV_IRQHandler
                0x0000000008002c04                DMA1_Stream2_IRQHandler
                0x0000000008002c04                CAN1_RX0_IRQHandler
                0x0000000008002c04                FPU_IRQHandler
                0x0000000008002c04                OTG_HS_WKUP_IRQHandler
                0x0000000008002c04                CAN2_SCE_IRQHandler
                0x0000000008002c04                DMA2_Stream2_IRQHandler
                0x0000000008002c04                SPI1_IRQHandler
                0x0000000008002c04                TIM6_DAC_IRQHandler
                0x0000000008002c04                TIM1_BRK_TIM9_IRQHandler
                0x0000000008002c04                DCMI_IRQHandler
                0x0000000008002c04                CAN2_RX0_IRQHandler
                0x0000000008002c04                USART6_IRQHandler
                0x0000000008002c04                USART3_IRQHandler
                0x0000000008002c04                CAN1_RX1_IRQHandler
                0x0000000008002c04                UART5_IRQHandler
                0x0000000008002c04                TIM4_IRQHandler
                0x0000000008002c04                I2C1_EV_IRQHandler
                0x0000000008002c04                DMA1_Stream6_IRQHandler
                0x0000000008002c04                DMA1_Stream1_IRQHandler
                0x0000000008002c04                UART4_IRQHandler
                0x0000000008002c04                TIM3_IRQHandler
                0x0000000008002c04                RCC_IRQHandler
                0x0000000008002c04                TIM8_BRK_TIM12_IRQHandler
                0x0000000008002c04                Default_Handler
                0x0000000008002c04                EXTI15_10_IRQHandler
                0x0000000008002c04                ADC_IRQHandler
                0x0000000008002c04                DMA1_Stream7_IRQHandler
                0x0000000008002c04                TIM7_IRQHandler
                0x0000000008002c04                CAN2_TX_IRQHandler
                0x0000000008002c04                TIM5_IRQHandler
                0x0000000008002c04                DMA2_Stream7_IRQHandler
                0x0000000008002c04                I2C3_EV_IRQHandler
                0x0000000008002c04                EXTI9_5_IRQHandler
                0x0000000008002c04                RTC_WKUP_IRQHandler
                0x0000000008002c04                ETH_WKUP_IRQHandler
                0x0000000008002c04                SPI2_IRQHandler
                0x0000000008002c04                OTG_HS_EP1_IN_IRQHandler
                0x0000000008002c04                DMA1_Stream0_IRQHandler
                0x0000000008002c04                CAN1_TX_IRQHandler
                0x0000000008002c04                EXTI4_IRQHandler
                0x0000000008002c04                FSMC_IRQHandler
                0x0000000008002c04                ETH_IRQHandler
                0x0000000008002c04                OTG_HS_EP1_OUT_IRQHandler
                0x0000000008002c04                WWDG_IRQHandler
                0x0000000008002c04                TIM2_IRQHandler
                0x0000000008002c04                OTG_FS_WKUP_IRQHandler
                0x0000000008002c04                TIM1_TRG_COM_TIM11_IRQHandler
                0x0000000008002c04                OTG_HS_IRQHandler
                0x0000000008002c04                EXTI1_IRQHandler
                0x0000000008002c04                USART2_IRQHandler
                0x0000000008002c04                I2C2_ER_IRQHandler
                0x0000000008002c04                DMA2_Stream1_IRQHandler
                0x0000000008002c04                CAN1_SCE_IRQHandler
                0x0000000008002c04                FLASH_IRQHandler
                0x0000000008002c04                DMA2_Stream4_IRQHandler
                0x0000000008002c04                USART1_IRQHandler
                0x0000000008002c04                OTG_FS_IRQHandler
                0x0000000008002c04                SPI3_IRQHandler
                0x0000000008002c04                DMA1_Stream4_IRQHandler
                0x0000000008002c04                I2C1_ER_IRQHandler
                0x0000000008002c04                DMA2_Stream6_IRQHandler
                0x0000000008002c04                DMA1_Stream3_IRQHandler
 *fill*         0x0000000008002c06        0x2 
 .text.__libc_init_array
                0x0000000008002c08       0x48 /usr/lib/gcc/arm-none-eabi/8.2.0/../../../../arm-none-eabi/lib/thumb/v7e-m+fp/hard/libc_nano.a(lib_a-init.o)
                0x0000000008002c08                __libc_init_array
 .text.memset   0x0000000008002c50       0x10 /usr/lib/gcc/arm-none-eabi/8.2.0/../../../../arm-none-eabi/lib/thumb/v7e-m+fp/hard/libc_nano.a(lib_a-memset.o)
                0x0000000008002c50                memset
 .text.__udivmoddi4
                0x0000000008002c60      0x2b4 /usr/lib/gcc/arm-none-eabi/8.2.0/thumb/v7e-m+fp/hard/libgcc.a(_udivmoddi4.o)
                0x0000000008002c60                __udivmoddi4
 *(.glue_7)
 .glue_7        0x0000000008002f14        0x0 linker stubs
 *(.glue_7t)
 .glue_7t       0x0000000008002f14        0x0 linker stubs
 *(.eh_frame)
 .eh_frame      0x0000000008002f14        0x0 /usr/lib/gcc/arm-none-eabi/8.2.0/thumb/v7e-m+fp/hard/crtbegin.o
 *(.init)
 .init          0x0000000008002f14        0x4 /usr/lib/gcc/arm-none-eabi/8.2.0/thumb/v7e-m+fp/hard/crti.o
                0x0000000008002f14                _init
 .init          0x0000000008002f18        0x8 /usr/lib/gcc/arm-none-eabi/8.2.0/thumb/v7e-m+fp/hard/crtn.o
 *(.fini)
 .fini          0x0000000008002f20        0x4 /usr/lib/gcc/arm-none-eabi/8.2.0/thumb/v7e-m+fp/hard/crti.o
                0x0000000008002f20                _fini
 .fini          0x0000000008002f24        0x8 /usr/lib/gcc/arm-none-eabi/8.2.0/thumb/v7e-m+fp/hard/crtn.o
                0x0000000008002f2c                . = ALIGN (0x4)
                0x0000000008002f2c                _etext = .

.vfp11_veneer   0x0000000008002f2c        0x0
 .vfp11_veneer  0x0000000008002f2c        0x0 linker stubs

.v4_bx          0x0000000008002f2c        0x0
 .v4_bx         0x0000000008002f2c        0x0 linker stubs

.iplt           0x0000000008002f2c        0x0
 .iplt          0x0000000008002f2c        0x0 /usr/lib/gcc/arm-none-eabi/8.2.0/thumb/v7e-m+fp/hard/crtbegin.o

.rodata         0x0000000008002f2c       0x18
                0x0000000008002f2c                . = ALIGN (0x4)
 *(.rodata)
 *(.rodata*)
 .rodata.flagBitshiftOffset.8957
                0x0000000008002f2c        0x8 build/stm32f4xx_hal_dma.o
 .rodata.AHBPrescTable
                0x0000000008002f34       0x10 build/system_stm32f4xx.o
                0x0000000008002f34                AHBPrescTable
                0x0000000008002f44                . = ALIGN (0x4)

.ARM.extab
 *(.ARM.extab* .gnu.linkonce.armextab.*)

.ARM            0x0000000008002f44        0x8
                0x0000000008002f44                __exidx_start = .
 *(.ARM.exidx*)
 .ARM.exidx.text.__udivmoddi4
                0x0000000008002f44        0x8 /usr/lib/gcc/arm-none-eabi/8.2.0/thumb/v7e-m+fp/hard/libgcc.a(_udivmoddi4.o)
                0x0000000008002f4c                __exidx_end = .

.rel.dyn        0x0000000008002f4c        0x0
 .rel.iplt      0x0000000008002f4c        0x0 /usr/lib/gcc/arm-none-eabi/8.2.0/thumb/v7e-m+fp/hard/crtbegin.o

.preinit_array  0x0000000008002f4c        0x0
                0x0000000008002f4c                PROVIDE (__preinit_array_start = .)
 *(.preinit_array*)
                0x0000000008002f4c                PROVIDE (__preinit_array_end = .)

.init_array     0x0000000008002f4c        0x4
                0x0000000008002f4c                PROVIDE (__init_array_start = .)
 *(SORT_BY_NAME(.init_array.*))
 *(.init_array*)
 .init_array    0x0000000008002f4c        0x4 /usr/lib/gcc/arm-none-eabi/8.2.0/thumb/v7e-m+fp/hard/crtbegin.o
                0x0000000008002f50                PROVIDE (__init_array_end = .)

.fini_array     0x0000000008002f50        0x4
                0x0000000008002f50                PROVIDE (__fini_array_start = .)
 *(SORT_BY_NAME(.fini_array.*))
 *(.fini_array*)
 .fini_array    0x0000000008002f50        0x4 /usr/lib/gcc/arm-none-eabi/8.2.0/thumb/v7e-m+fp/hard/crtbegin.o
                0x0000000008002f54                PROVIDE (__fini_array_end = .)
                0x0000000008002f54                _sidata = LOADADDR (.data)

.data           0x0000000020000000       0x14 load address 0x0000000008002f54
                0x0000000020000000                . = ALIGN (0x4)
                0x0000000020000000                _sdata = .
 *(.data)
 *(.data*)
 .data.sd_buf   0x0000000020000000        0xa build/main.o
                0x0000000020000000                sd_buf
 .data.uwTickFreq
                0x000000002000000a        0x1 build/stm32f4xx_hal.o
                0x000000002000000a                uwTickFreq
 *fill*         0x000000002000000b        0x1 
 .data.uwTickPrio
                0x000000002000000c        0x4 build/stm32f4xx_hal.o
                0x000000002000000c                uwTickPrio
 .data.SystemCoreClock
                0x0000000020000010        0x4 build/system_stm32f4xx.o
                0x0000000020000010                SystemCoreClock
                0x0000000020000014                . = ALIGN (0x4)
                0x0000000020000014                _edata = .
                0x0000000008002f68                _siccmram = LOADADDR (.ccmram)

.igot.plt       0x0000000020000014        0x0 load address 0x0000000008002f68
 .igot.plt      0x0000000020000014        0x0 /usr/lib/gcc/arm-none-eabi/8.2.0/thumb/v7e-m+fp/hard/crtbegin.o

.ccmram         0x0000000010000000        0x0 load address 0x0000000008002f68
                0x0000000010000000                . = ALIGN (0x4)
                0x0000000010000000                _sccmram = .
 *(.ccmram)
 *(.ccmram*)
                0x0000000010000000                . = ALIGN (0x4)
                0x0000000010000000                _eccmram = .
                0x0000000010000000                . = ALIGN (0x4)

.bss            0x0000000020000014      0x1c8
                0x0000000020000014                _sbss = .
                0x0000000020000014                __bss_start__ = _sbss
 *(.bss)
 *(.bss*)
 .bss.completed.10163
                0x0000000020000014        0x1 /usr/lib/gcc/arm-none-eabi/8.2.0/thumb/v7e-m+fp/hard/crtbegin.o
 *fill*         0x0000000020000015        0x3 
 .bss.object.10168
                0x0000000020000018       0x18 /usr/lib/gcc/arm-none-eabi/8.2.0/thumb/v7e-m+fp/hard/crtbegin.o
 .bss.sd_card_addr
                0x0000000020000030        0x4 build/main.o
                0x0000000020000030                sd_card_addr
 .bss.tx_buf    0x0000000020000034        0x4 build/main.o
                0x0000000020000034                tx_buf
 *(COMMON)
 COMMON         0x0000000020000038      0x1a0 build/main.o
                0x0000000020000038                hdma_sdio_rx
                0x0000000020000098                rx_buf
                0x000000002000009c                hsd
                0x0000000020000120                hspi1
                0x0000000020000178                hdma_spi1_rx
 COMMON         0x00000000200001d8        0x4 build/stm32f4xx_hal.o
                0x00000000200001d8                uwTick
                0x00000000200001dc                . = ALIGN (0x4)
                0x00000000200001dc                _ebss = .
                0x00000000200001dc                __bss_end__ = _ebss

._user_heap_stack
                0x00000000200001dc      0x604
                0x00000000200001e0                . = ALIGN (0x8)
 *fill*         0x00000000200001dc        0x4 
                [!provide]                        PROVIDE (end = .)
                [!provide]                        PROVIDE (_end = .)
                0x00000000200003e0                . = (. + _Min_Heap_Size)
 *fill*         0x00000000200001e0      0x200 
                0x00000000200007e0                . = (. + _Min_Stack_Size)
 *fill*         0x00000000200003e0      0x400 
                0x00000000200007e0                . = ALIGN (0x8)

/DISCARD/
 libc.a(*)
 libm.a(*)
 libgcc.a(*)

.ARM.attributes
                0x0000000000000000       0x30
 *(.ARM.attributes)
 .ARM.attributes
                0x0000000000000000       0x1e /usr/lib/gcc/arm-none-eabi/8.2.0/thumb/v7e-m+fp/hard/crti.o
 .ARM.attributes
                0x000000000000001e       0x34 /usr/lib/gcc/arm-none-eabi/8.2.0/thumb/v7e-m+fp/hard/crtbegin.o
 .ARM.attributes
                0x0000000000000052       0x34 build/main.o
 .ARM.attributes
                0x0000000000000086       0x34 build/stm32f4xx_it.o
 .ARM.attributes
                0x00000000000000ba       0x34 build/stm32f4xx_hal_msp.o
 .ARM.attributes
                0x00000000000000ee       0x34 build/stm32f4xx_ll_sdmmc.o
 .ARM.attributes
                0x0000000000000122       0x34 build/stm32f4xx_hal_sd.o
 .ARM.attributes
                0x0000000000000156       0x34 build/stm32f4xx_hal_spi.o
 .ARM.attributes
                0x000000000000018a       0x34 build/stm32f4xx_hal_rcc.o
 .ARM.attributes
                0x00000000000001be       0x34 build/stm32f4xx_hal_gpio.o
 .ARM.attributes
                0x00000000000001f2       0x34 build/stm32f4xx_hal_dma.o
 .ARM.attributes
                0x0000000000000226       0x34 build/stm32f4xx_hal_cortex.o
 .ARM.attributes
                0x000000000000025a       0x34 build/stm32f4xx_hal.o
 .ARM.attributes
                0x000000000000028e       0x34 build/system_stm32f4xx.o
 .ARM.attributes
                0x00000000000002c2       0x21 build/startup_stm32f407xx.o
 .ARM.attributes
                0x00000000000002e3       0x34 /usr/lib/gcc/arm-none-eabi/8.2.0/../../../../arm-none-eabi/lib/thumb/v7e-m+fp/hard/libc_nano.a(lib_a-init.o)
 .ARM.attributes
                0x0000000000000317       0x34 /usr/lib/gcc/arm-none-eabi/8.2.0/../../../../arm-none-eabi/lib/thumb/v7e-m+fp/hard/libc_nano.a(lib_a-memset.o)
 .ARM.attributes
                0x000000000000034b       0x1e /usr/lib/gcc/arm-none-eabi/8.2.0/thumb/v7e-m+fp/hard/libgcc.a(_aeabi_uldivmod.o)
 .ARM.attributes
                0x0000000000000369       0x34 /usr/lib/gcc/arm-none-eabi/8.2.0/thumb/v7e-m+fp/hard/libgcc.a(_udivmoddi4.o)
 .ARM.attributes
                0x000000000000039d       0x1e /usr/lib/gcc/arm-none-eabi/8.2.0/thumb/v7e-m+fp/hard/libgcc.a(_dvmd_tls.o)
 .ARM.attributes
                0x00000000000003bb       0x1e /usr/lib/gcc/arm-none-eabi/8.2.0/thumb/v7e-m+fp/hard/crtn.o
OUTPUT(build/acelerometer_filtering.elf elf32-littlearm)

.debug_info     0x0000000000000000    0x14b7a
 .debug_info    0x0000000000000000     0x22b2 build/main.o
 .debug_info    0x00000000000022b2     0x12dc build/stm32f4xx_it.o
 .debug_info    0x000000000000358e     0x1d20 build/stm32f4xx_hal_msp.o
 .debug_info    0x00000000000052ae     0x235a build/stm32f4xx_ll_sdmmc.o
 .debug_info    0x0000000000007608     0x3142 build/stm32f4xx_hal_sd.o
 .debug_info    0x000000000000a74a     0x27b6 build/stm32f4xx_hal_spi.o
 .debug_info    0x000000000000cf00     0x154f build/stm32f4xx_hal_rcc.o
 .debug_info    0x000000000000e44f     0x122f build/stm32f4xx_hal_gpio.o
 .debug_info    0x000000000000f67e     0x15a2 build/stm32f4xx_hal_dma.o
 .debug_info    0x0000000000010c20     0x1b5d build/stm32f4xx_hal_cortex.o
 .debug_info    0x000000000001277d     0x1486 build/stm32f4xx_hal.o
 .debug_info    0x0000000000013c03      0xf55 build/system_stm32f4xx.o
 .debug_info    0x0000000000014b58       0x22 build/startup_stm32f407xx.o

.debug_abbrev   0x0000000000000000     0x264a
 .debug_abbrev  0x0000000000000000      0x360 build/main.o
 .debug_abbrev  0x0000000000000360      0x245 build/stm32f4xx_it.o
 .debug_abbrev  0x00000000000005a5      0x2c2 build/stm32f4xx_hal_msp.o
 .debug_abbrev  0x0000000000000867      0x31a build/stm32f4xx_ll_sdmmc.o
 .debug_abbrev  0x0000000000000b81      0x381 build/stm32f4xx_hal_sd.o
 .debug_abbrev  0x0000000000000f02      0x370 build/stm32f4xx_hal_spi.o
 .debug_abbrev  0x0000000000001272      0x37f build/stm32f4xx_hal_rcc.o
 .debug_abbrev  0x00000000000015f1      0x30a build/stm32f4xx_hal_gpio.o
 .debug_abbrev  0x00000000000018fb      0x39c build/stm32f4xx_hal_dma.o
 .debug_abbrev  0x0000000000001c97      0x462 build/stm32f4xx_hal_cortex.o
 .debug_abbrev  0x00000000000020f9      0x325 build/stm32f4xx_hal.o
 .debug_abbrev  0x000000000000241e      0x21a build/system_stm32f4xx.o
 .debug_abbrev  0x0000000000002638       0x12 build/startup_stm32f407xx.o

.debug_loc      0x0000000000000000     0x92b5
 .debug_loc     0x0000000000000000      0x1fc build/main.o
 .debug_loc     0x00000000000001fc       0x80 build/stm32f4xx_it.o
 .debug_loc     0x000000000000027c      0x1d8 build/stm32f4xx_hal_msp.o
 .debug_loc     0x0000000000000454     0x195b build/stm32f4xx_ll_sdmmc.o
 .debug_loc     0x0000000000001daf     0x2a31 build/stm32f4xx_hal_sd.o
 .debug_loc     0x00000000000047e0     0x24df build/stm32f4xx_hal_spi.o
 .debug_loc     0x0000000000006cbf      0x68d build/stm32f4xx_hal_rcc.o
 .debug_loc     0x000000000000734c      0x5ca build/stm32f4xx_hal_gpio.o
 .debug_loc     0x0000000000007916      0xed7 build/stm32f4xx_hal_dma.o
 .debug_loc     0x00000000000087ed      0x790 build/stm32f4xx_hal_cortex.o
 .debug_loc     0x0000000000008f7d      0x1cc build/stm32f4xx_hal.o
 .debug_loc     0x0000000000009149      0x16c build/system_stm32f4xx.o

.debug_aranges  0x0000000000000000      0x910
 .debug_aranges
                0x0000000000000000       0x68 build/main.o
 .debug_aranges
                0x0000000000000068       0x78 build/stm32f4xx_it.o
 .debug_aranges
                0x00000000000000e0       0x40 build/stm32f4xx_hal_msp.o
 .debug_aranges
                0x0000000000000120      0x178 build/stm32f4xx_ll_sdmmc.o
 .debug_aranges
                0x0000000000000298      0x168 build/stm32f4xx_hal_sd.o
 .debug_aranges
                0x0000000000000400      0x1c8 build/stm32f4xx_hal_spi.o
 .debug_aranges
                0x00000000000005c8       0x88 build/stm32f4xx_hal_rcc.o
 .debug_aranges
                0x0000000000000650       0x58 build/stm32f4xx_hal_gpio.o
 .debug_aranges
                0x00000000000006a8       0x90 build/stm32f4xx_hal_dma.o
 .debug_aranges
                0x0000000000000738       0xa8 build/stm32f4xx_hal_cortex.o
 .debug_aranges
                0x00000000000007e0       0xe0 build/stm32f4xx_hal.o
 .debug_aranges
                0x00000000000008c0       0x28 build/system_stm32f4xx.o
 .debug_aranges
                0x00000000000008e8       0x28 build/startup_stm32f407xx.o

.debug_ranges   0x0000000000000000      0x8a8
 .debug_ranges  0x0000000000000000       0x58 build/main.o
 .debug_ranges  0x0000000000000058       0x68 build/stm32f4xx_it.o
 .debug_ranges  0x00000000000000c0       0x30 build/stm32f4xx_hal_msp.o
 .debug_ranges  0x00000000000000f0      0x168 build/stm32f4xx_ll_sdmmc.o
 .debug_ranges  0x0000000000000258      0x158 build/stm32f4xx_hal_sd.o
 .debug_ranges  0x00000000000003b0      0x1b8 build/stm32f4xx_hal_spi.o
 .debug_ranges  0x0000000000000568       0x90 build/stm32f4xx_hal_rcc.o
 .debug_ranges  0x00000000000005f8       0x48 build/stm32f4xx_hal_gpio.o
 .debug_ranges  0x0000000000000640       0x80 build/stm32f4xx_hal_dma.o
 .debug_ranges  0x00000000000006c0       0xe0 build/stm32f4xx_hal_cortex.o
 .debug_ranges  0x00000000000007a0       0xd0 build/stm32f4xx_hal.o
 .debug_ranges  0x0000000000000870       0x18 build/system_stm32f4xx.o
 .debug_ranges  0x0000000000000888       0x20 build/startup_stm32f407xx.o

.debug_line     0x0000000000000000     0x9048
 .debug_line    0x0000000000000000      0x564 build/main.o
 .debug_line    0x0000000000000564      0x319 build/stm32f4xx_it.o
 .debug_line    0x000000000000087d      0x496 build/stm32f4xx_hal_msp.o
 .debug_line    0x0000000000000d13      0xfa5 build/stm32f4xx_ll_sdmmc.o
 .debug_line    0x0000000000001cb8     0x24c1 build/stm32f4xx_hal_sd.o
 .debug_line    0x0000000000004179     0x205d build/stm32f4xx_hal_spi.o
 .debug_line    0x00000000000061d6      0xa91 build/stm32f4xx_hal_rcc.o
 .debug_line    0x0000000000006c67      0x6cb build/stm32f4xx_hal_gpio.o
 .debug_line    0x0000000000007332      0xdd7 build/stm32f4xx_hal_dma.o
 .debug_line    0x0000000000008109      0x71b build/stm32f4xx_hal_cortex.o
 .debug_line    0x0000000000008824      0x531 build/stm32f4xx_hal.o
 .debug_line    0x0000000000008d55      0x27f build/system_stm32f4xx.o
 .debug_line    0x0000000000008fd4       0x74 build/startup_stm32f407xx.o

.debug_str      0x0000000000000000     0x3354
 .debug_str     0x0000000000000000     0x147f build/main.o
                                       0x1562 (size before relaxing)
 .debug_str     0x000000000000147f      0x114 build/stm32f4xx_it.o
                                        0xb75 (size before relaxing)
 .debug_str     0x0000000000001593       0xab build/stm32f4xx_hal_msp.o
                                       0x135d (size before relaxing)
 .debug_str     0x000000000000163e      0x4b7 build/stm32f4xx_ll_sdmmc.o
                                        0xbd1 (size before relaxing)
 .debug_str     0x0000000000001af5      0x783 build/stm32f4xx_hal_sd.o
                                       0x155f (size before relaxing)
 .debug_str     0x0000000000002278      0x496 build/stm32f4xx_hal_spi.o
                                        0xf74 (size before relaxing)
 .debug_str     0x000000000000270e      0x1bb build/stm32f4xx_hal_rcc.o
                                        0xabd (size before relaxing)
 .debug_str     0x00000000000028c9      0x125 build/stm32f4xx_hal_gpio.o
                                        0x8ea (size before relaxing)
 .debug_str     0x00000000000029ee      0x2a1 build/stm32f4xx_hal_dma.o
                                        0xb70 (size before relaxing)
 .debug_str     0x0000000000002c8f      0x3e8 build/stm32f4xx_hal_cortex.o
                                       0x1014 (size before relaxing)
 .debug_str     0x0000000000003077      0x277 build/stm32f4xx_hal.o
                                        0xf3d (size before relaxing)
 .debug_str     0x00000000000032ee       0x42 build/system_stm32f4xx.o
                                        0x74e (size before relaxing)
 .debug_str     0x0000000000003330       0x24 build/startup_stm32f407xx.o
                                         0x59 (size before relaxing)

.comment        0x0000000000000000       0x1d
 .comment       0x0000000000000000       0x1d build/main.o
                                         0x1e (size before relaxing)
 .comment       0x000000000000001d       0x1e build/stm32f4xx_it.o
 .comment       0x000000000000001d       0x1e build/stm32f4xx_hal_msp.o
 .comment       0x000000000000001d       0x1e build/stm32f4xx_ll_sdmmc.o
 .comment       0x000000000000001d       0x1e build/stm32f4xx_hal_sd.o
 .comment       0x000000000000001d       0x1e build/stm32f4xx_hal_spi.o
 .comment       0x000000000000001d       0x1e build/stm32f4xx_hal_rcc.o
 .comment       0x000000000000001d       0x1e build/stm32f4xx_hal_gpio.o
 .comment       0x000000000000001d       0x1e build/stm32f4xx_hal_dma.o
 .comment       0x000000000000001d       0x1e build/stm32f4xx_hal_cortex.o
 .comment       0x000000000000001d       0x1e build/stm32f4xx_hal.o
 .comment       0x000000000000001d       0x1e build/system_stm32f4xx.o

.debug_frame    0x0000000000000000     0x1bbc
 .debug_frame   0x0000000000000000      0x144 build/main.o
 .debug_frame   0x0000000000000144      0x100 build/stm32f4xx_it.o
 .debug_frame   0x0000000000000244       0xbc build/stm32f4xx_hal_msp.o
 .debug_frame   0x0000000000000300      0x4ec build/stm32f4xx_ll_sdmmc.o
 .debug_frame   0x00000000000007ec      0x554 build/stm32f4xx_hal_sd.o
 .debug_frame   0x0000000000000d40      0x5ec build/stm32f4xx_hal_spi.o
 .debug_frame   0x000000000000132c      0x1b0 build/stm32f4xx_hal_rcc.o
 .debug_frame   0x00000000000014dc       0xec build/stm32f4xx_hal_gpio.o
 .debug_frame   0x00000000000015c8      0x1c8 build/stm32f4xx_hal_dma.o
 .debug_frame   0x0000000000001790      0x16c build/stm32f4xx_hal_cortex.o
 .debug_frame   0x00000000000018fc      0x1e0 build/stm32f4xx_hal.o
 .debug_frame   0x0000000000001adc       0x30 build/system_stm32f4xx.o
 .debug_frame   0x0000000000001b0c       0x2c /usr/lib/gcc/arm-none-eabi/8.2.0/../../../../arm-none-eabi/lib/thumb/v7e-m+fp/hard/libc_nano.a(lib_a-init.o)
 .debug_frame   0x0000000000001b38       0x20 /usr/lib/gcc/arm-none-eabi/8.2.0/../../../../arm-none-eabi/lib/thumb/v7e-m+fp/hard/libc_nano.a(lib_a-memset.o)
 .debug_frame   0x0000000000001b58       0x2c /usr/lib/gcc/arm-none-eabi/8.2.0/thumb/v7e-m+fp/hard/libgcc.a(_aeabi_uldivmod.o)
 .debug_frame   0x0000000000001b84       0x38 /usr/lib/gcc/arm-none-eabi/8.2.0/thumb/v7e-m+fp/hard/libgcc.a(_udivmoddi4.o)

Cross Reference Table

Symbol                                            File
ADC_IRQHandler                                    build/startup_stm32f407xx.o
ADC_Setup                                         build/main.o
AHBPrescTable                                     build/system_stm32f4xx.o
                                                  build/stm32f4xx_hal_rcc.o
APBPrescTable                                     build/system_stm32f4xx.o
                                                  build/stm32f4xx_hal_rcc.o
BusFault_Handler                                  build/stm32f4xx_it.o
CAN1_RX0_IRQHandler                               build/startup_stm32f407xx.o
CAN1_RX1_IRQHandler                               build/startup_stm32f407xx.o
CAN1_SCE_IRQHandler                               build/startup_stm32f407xx.o
CAN1_TX_IRQHandler                                build/startup_stm32f407xx.o
CAN2_RX0_IRQHandler                               build/startup_stm32f407xx.o
CAN2_RX1_IRQHandler                               build/startup_stm32f407xx.o
CAN2_SCE_IRQHandler                               build/startup_stm32f407xx.o
CAN2_TX_IRQHandler                                build/startup_stm32f407xx.o
DCMI_IRQHandler                                   build/startup_stm32f407xx.o
DMA1_Stream0_IRQHandler                           build/startup_stm32f407xx.o
DMA1_Stream1_IRQHandler                           build/startup_stm32f407xx.o
DMA1_Stream2_IRQHandler                           build/startup_stm32f407xx.o
DMA1_Stream3_IRQHandler                           build/startup_stm32f407xx.o
DMA1_Stream4_IRQHandler                           build/startup_stm32f407xx.o
DMA1_Stream5_IRQHandler                           build/startup_stm32f407xx.o
DMA1_Stream6_IRQHandler                           build/startup_stm32f407xx.o
DMA1_Stream7_IRQHandler                           build/startup_stm32f407xx.o
DMA2_Stream0_IRQHandler                           build/stm32f4xx_it.o
DMA2_Stream1_IRQHandler                           build/startup_stm32f407xx.o
DMA2_Stream2_IRQHandler                           build/startup_stm32f407xx.o
DMA2_Stream3_IRQHandler                           build/stm32f4xx_it.o
DMA2_Stream4_IRQHandler                           build/startup_stm32f407xx.o
DMA2_Stream5_IRQHandler                           build/startup_stm32f407xx.o
DMA2_Stream6_IRQHandler                           build/startup_stm32f407xx.o
DMA2_Stream7_IRQHandler                           build/startup_stm32f407xx.o
DebugMon_Handler                                  build/stm32f4xx_it.o
Default_Handler                                   build/startup_stm32f407xx.o
ETH_IRQHandler                                    build/startup_stm32f407xx.o
ETH_WKUP_IRQHandler                               build/startup_stm32f407xx.o
EXTI0_IRQHandler                                  build/startup_stm32f407xx.o
EXTI15_10_IRQHandler                              build/startup_stm32f407xx.o
EXTI1_IRQHandler                                  build/startup_stm32f407xx.o
EXTI2_IRQHandler                                  build/startup_stm32f407xx.o
EXTI3_IRQHandler                                  build/startup_stm32f407xx.o
EXTI4_IRQHandler                                  build/startup_stm32f407xx.o
EXTI9_5_IRQHandler                                build/startup_stm32f407xx.o
Error_Handler                                     build/main.o
                                                  build/stm32f4xx_hal_msp.o
FLASH_Erase_Sector                                build/stm32f4xx_hal_flash_ex.o
                                                  build/stm32f4xx_hal_flash.o
FLASH_FlushCaches                                 build/stm32f4xx_hal_flash_ex.o
                                                  build/stm32f4xx_hal_flash.o
FLASH_IRQHandler                                  build/startup_stm32f407xx.o
FLASH_WaitForLastOperation                        build/stm32f4xx_hal_flash.o
                                                  build/stm32f4xx_hal_flash_ex.o
FPU_IRQHandler                                    build/startup_stm32f407xx.o
FSMC_IRQHandler                                   build/startup_stm32f407xx.o
HAL_DBGMCU_DisableDBGSleepMode                    build/stm32f4xx_hal.o
HAL_DBGMCU_DisableDBGStandbyMode                  build/stm32f4xx_hal.o
HAL_DBGMCU_DisableDBGStopMode                     build/stm32f4xx_hal.o
HAL_DBGMCU_EnableDBGSleepMode                     build/stm32f4xx_hal.o
HAL_DBGMCU_EnableDBGStandbyMode                   build/stm32f4xx_hal.o
HAL_DBGMCU_EnableDBGStopMode                      build/stm32f4xx_hal.o
HAL_DMAEx_ChangeMemory                            build/stm32f4xx_hal_dma_ex.o
HAL_DMAEx_MultiBufferStart                        build/stm32f4xx_hal_dma_ex.o
HAL_DMAEx_MultiBufferStart_IT                     build/stm32f4xx_hal_dma_ex.o
HAL_DMA_Abort                                     build/stm32f4xx_hal_dma.o
                                                  build/stm32f4xx_hal_spi.o
                                                  build/stm32f4xx_hal_sd.o
HAL_DMA_Abort_IT                                  build/stm32f4xx_hal_dma.o
                                                  build/stm32f4xx_hal_spi.o
                                                  build/stm32f4xx_hal_sd.o
HAL_DMA_DeInit                                    build/stm32f4xx_hal_dma.o
                                                  build/stm32f4xx_hal_msp.o
HAL_DMA_GetError                                  build/stm32f4xx_hal_dma.o
HAL_DMA_GetState                                  build/stm32f4xx_hal_dma.o
HAL_DMA_IRQHandler                                build/stm32f4xx_hal_dma.o
                                                  build/stm32f4xx_it.o
HAL_DMA_Init                                      build/stm32f4xx_hal_dma.o
                                                  build/stm32f4xx_hal_msp.o
HAL_DMA_PollForTransfer                           build/stm32f4xx_hal_dma.o
HAL_DMA_RegisterCallback                          build/stm32f4xx_hal_dma.o
HAL_DMA_Start                                     build/stm32f4xx_hal_dma.o
HAL_DMA_Start_IT                                  build/stm32f4xx_hal_dma.o
                                                  build/stm32f4xx_hal_spi.o
                                                  build/stm32f4xx_hal_sd.o
HAL_DMA_UnRegisterCallback                        build/stm32f4xx_hal_dma.o
HAL_DeInit                                        build/stm32f4xx_hal.o
HAL_Delay                                         build/stm32f4xx_hal.o
                                                  build/stm32f4xx_hal_sd.o
HAL_DisableCompensationCell                       build/stm32f4xx_hal.o
HAL_EnableCompensationCell                        build/stm32f4xx_hal.o
HAL_FLASHEx_Erase                                 build/stm32f4xx_hal_flash_ex.o
HAL_FLASHEx_Erase_IT                              build/stm32f4xx_hal_flash_ex.o
HAL_FLASHEx_OBGetConfig                           build/stm32f4xx_hal_flash_ex.o
HAL_FLASHEx_OBProgram                             build/stm32f4xx_hal_flash_ex.o
HAL_FLASH_EndOfOperationCallback                  build/stm32f4xx_hal_flash.o
HAL_FLASH_GetError                                build/stm32f4xx_hal_flash.o
HAL_FLASH_IRQHandler                              build/stm32f4xx_hal_flash.o
HAL_FLASH_Lock                                    build/stm32f4xx_hal_flash.o
HAL_FLASH_OB_Launch                               build/stm32f4xx_hal_flash.o
HAL_FLASH_OB_Lock                                 build/stm32f4xx_hal_flash.o
HAL_FLASH_OB_Unlock                               build/stm32f4xx_hal_flash.o
HAL_FLASH_OperationErrorCallback                  build/stm32f4xx_hal_flash.o
HAL_FLASH_Program                                 build/stm32f4xx_hal_flash.o
HAL_FLASH_Program_IT                              build/stm32f4xx_hal_flash.o
HAL_FLASH_Unlock                                  build/stm32f4xx_hal_flash.o
HAL_GPIO_DeInit                                   build/stm32f4xx_hal_gpio.o
                                                  build/stm32f4xx_hal_msp.o
HAL_GPIO_EXTI_Callback                            build/stm32f4xx_hal_gpio.o
HAL_GPIO_EXTI_IRQHandler                          build/stm32f4xx_hal_gpio.o
HAL_GPIO_Init                                     build/stm32f4xx_hal_gpio.o
                                                  build/stm32f4xx_hal_rcc.o
                                                  build/stm32f4xx_hal_msp.o
                                                  build/main.o
HAL_GPIO_LockPin                                  build/stm32f4xx_hal_gpio.o
HAL_GPIO_ReadPin                                  build/stm32f4xx_hal_gpio.o
HAL_GPIO_TogglePin                                build/stm32f4xx_hal_gpio.o
HAL_GPIO_WritePin                                 build/stm32f4xx_hal_gpio.o
                                                  build/main.o
HAL_GetDEVID                                      build/stm32f4xx_hal.o
HAL_GetHalVersion                                 build/stm32f4xx_hal.o
HAL_GetREVID                                      build/stm32f4xx_hal.o
HAL_GetTick                                       build/stm32f4xx_hal.o
                                                  build/stm32f4xx_hal_pwr_ex.o
                                                  build/stm32f4xx_hal_dma.o
                                                  build/stm32f4xx_hal_flash.o
                                                  build/stm32f4xx_hal_rcc_ex.o
                                                  build/stm32f4xx_hal_rcc.o
                                                  build/stm32f4xx_hal_spi.o
                                                  build/stm32f4xx_hal_sd.o
HAL_GetTickFreq                                   build/stm32f4xx_hal.o
HAL_GetTickPrio                                   build/stm32f4xx_hal.o
HAL_GetUID                                        build/stm32f4xx_hal.o
HAL_IncTick                                       build/stm32f4xx_hal.o
                                                  build/stm32f4xx_it.o
HAL_Init                                          build/stm32f4xx_hal.o
                                                  build/main.o
HAL_InitTick                                      build/stm32f4xx_hal.o
                                                  build/stm32f4xx_hal_rcc_ex.o
                                                  build/stm32f4xx_hal_rcc.o
HAL_MPU_ConfigRegion                              build/stm32f4xx_hal_cortex.o
HAL_MPU_Disable                                   build/stm32f4xx_hal_cortex.o
HAL_MPU_Enable                                    build/stm32f4xx_hal_cortex.o
HAL_MspDeInit                                     build/stm32f4xx_hal.o
HAL_MspInit                                       build/stm32f4xx_hal_msp.o
HAL_NVIC_ClearPendingIRQ                          build/stm32f4xx_hal_cortex.o
HAL_NVIC_DisableIRQ                               build/stm32f4xx_hal_cortex.o
                                                  build/stm32f4xx_hal_msp.o
HAL_NVIC_EnableIRQ                                build/stm32f4xx_hal_cortex.o
                                                  build/stm32f4xx_hal_msp.o
                                                  build/main.o
HAL_NVIC_GetActive                                build/stm32f4xx_hal_cortex.o
HAL_NVIC_GetPendingIRQ                            build/stm32f4xx_hal_cortex.o
HAL_NVIC_GetPriority                              build/stm32f4xx_hal_cortex.o
HAL_NVIC_GetPriorityGrouping                      build/stm32f4xx_hal_cortex.o
HAL_NVIC_SetPendingIRQ                            build/stm32f4xx_hal_cortex.o
HAL_NVIC_SetPriority                              build/stm32f4xx_hal_cortex.o
                                                  build/stm32f4xx_hal.o
                                                  build/stm32f4xx_hal_msp.o
                                                  build/main.o
HAL_NVIC_SetPriorityGrouping                      build/stm32f4xx_hal_cortex.o
                                                  build/stm32f4xx_hal.o
HAL_NVIC_SystemReset                              build/stm32f4xx_hal_cortex.o
HAL_PWREx_ControlVoltageScaling                   build/stm32f4xx_hal_pwr_ex.o
HAL_PWREx_DisableBkUpReg                          build/stm32f4xx_hal_pwr_ex.o
HAL_PWREx_DisableFlashPowerDown                   build/stm32f4xx_hal_pwr_ex.o
HAL_PWREx_EnableBkUpReg                           build/stm32f4xx_hal_pwr_ex.o
HAL_PWREx_EnableFlashPowerDown                    build/stm32f4xx_hal_pwr_ex.o
HAL_PWREx_GetVoltageRange                         build/stm32f4xx_hal_pwr_ex.o
HAL_PWR_ConfigPVD                                 build/stm32f4xx_hal_pwr.o
HAL_PWR_DeInit                                    build/stm32f4xx_hal_pwr.o
HAL_PWR_DisableBkUpAccess                         build/stm32f4xx_hal_pwr.o
HAL_PWR_DisablePVD                                build/stm32f4xx_hal_pwr.o
HAL_PWR_DisableSEVOnPend                          build/stm32f4xx_hal_pwr.o
HAL_PWR_DisableSleepOnExit                        build/stm32f4xx_hal_pwr.o
HAL_PWR_DisableWakeUpPin                          build/stm32f4xx_hal_pwr.o
HAL_PWR_EnableBkUpAccess                          build/stm32f4xx_hal_pwr.o
HAL_PWR_EnablePVD                                 build/stm32f4xx_hal_pwr.o
HAL_PWR_EnableSEVOnPend                           build/stm32f4xx_hal_pwr.o
HAL_PWR_EnableSleepOnExit                         build/stm32f4xx_hal_pwr.o
HAL_PWR_EnableWakeUpPin                           build/stm32f4xx_hal_pwr.o
HAL_PWR_EnterSLEEPMode                            build/stm32f4xx_hal_pwr.o
HAL_PWR_EnterSTANDBYMode                          build/stm32f4xx_hal_pwr.o
HAL_PWR_EnterSTOPMode                             build/stm32f4xx_hal_pwr.o
HAL_PWR_PVDCallback                               build/stm32f4xx_hal_pwr.o
HAL_PWR_PVD_IRQHandler                            build/stm32f4xx_hal_pwr.o
HAL_RCCEx_DisablePLLI2S                           build/stm32f4xx_hal_rcc_ex.o
HAL_RCCEx_EnablePLLI2S                            build/stm32f4xx_hal_rcc_ex.o
HAL_RCCEx_GetPeriphCLKConfig                      build/stm32f4xx_hal_rcc_ex.o
HAL_RCCEx_GetPeriphCLKFreq                        build/stm32f4xx_hal_rcc_ex.o
HAL_RCCEx_PeriphCLKConfig                         build/stm32f4xx_hal_rcc_ex.o
HAL_RCC_CSSCallback                               build/stm32f4xx_hal_rcc.o
HAL_RCC_ClockConfig                               build/stm32f4xx_hal_rcc.o
                                                  build/main.o
HAL_RCC_DeInit                                    build/stm32f4xx_hal_rcc_ex.o
                                                  build/stm32f4xx_hal_rcc.o
HAL_RCC_DisableCSS                                build/stm32f4xx_hal_rcc.o
HAL_RCC_EnableCSS                                 build/stm32f4xx_hal_rcc.o
HAL_RCC_GetClockConfig                            build/stm32f4xx_hal_rcc.o
HAL_RCC_GetHCLKFreq                               build/stm32f4xx_hal_rcc.o
HAL_RCC_GetOscConfig                              build/stm32f4xx_hal_rcc.o
HAL_RCC_GetPCLK1Freq                              build/stm32f4xx_hal_rcc.o
HAL_RCC_GetPCLK2Freq                              build/stm32f4xx_hal_rcc.o
HAL_RCC_GetSysClockFreq                           build/stm32f4xx_hal_rcc.o
HAL_RCC_MCOConfig                                 build/stm32f4xx_hal_rcc.o
HAL_RCC_NMI_IRQHandler                            build/stm32f4xx_hal_rcc.o
HAL_RCC_OscConfig                                 build/stm32f4xx_hal_rcc.o
                                                  build/main.o
HAL_ResumeTick                                    build/stm32f4xx_hal.o
HAL_SD_Abort                                      build/stm32f4xx_hal_sd.o
HAL_SD_AbortCallback                              build/stm32f4xx_hal_sd.o
HAL_SD_Abort_IT                                   build/stm32f4xx_hal_sd.o
HAL_SD_ConfigWideBusOperation                     build/stm32f4xx_hal_sd.o
                                                  build/main.o
HAL_SD_DeInit                                     build/stm32f4xx_hal_sd.o
HAL_SD_Erase                                      build/stm32f4xx_hal_sd.o
HAL_SD_ErrorCallback                              build/stm32f4xx_hal_sd.o
HAL_SD_GetCardCID                                 build/stm32f4xx_hal_sd.o
HAL_SD_GetCardCSD                                 build/stm32f4xx_hal_sd.o
HAL_SD_GetCardInfo                                build/stm32f4xx_hal_sd.o
HAL_SD_GetCardState                               build/stm32f4xx_hal_sd.o
HAL_SD_GetCardStatus                              build/stm32f4xx_hal_sd.o
HAL_SD_GetError                                   build/stm32f4xx_hal_sd.o
HAL_SD_GetState                                   build/stm32f4xx_hal_sd.o
HAL_SD_IRQHandler                                 build/stm32f4xx_hal_sd.o
                                                  build/stm32f4xx_it.o
HAL_SD_Init                                       build/stm32f4xx_hal_sd.o
                                                  build/main.o
HAL_SD_InitCard                                   build/stm32f4xx_hal_sd.o
HAL_SD_MspDeInit                                  build/stm32f4xx_hal_msp.o
HAL_SD_MspInit                                    build/stm32f4xx_hal_msp.o
HAL_SD_ReadBlocks                                 build/stm32f4xx_hal_sd.o
HAL_SD_ReadBlocks_DMA                             build/stm32f4xx_hal_sd.o
HAL_SD_ReadBlocks_IT                              build/stm32f4xx_hal_sd.o
HAL_SD_RxCpltCallback                             build/stm32f4xx_hal_sd.o
HAL_SD_TxCpltCallback                             build/stm32f4xx_hal_sd.o
HAL_SD_WriteBlocks                                build/stm32f4xx_hal_sd.o
                                                  build/main.o
HAL_SD_WriteBlocks_DMA                            build/stm32f4xx_hal_sd.o
HAL_SD_WriteBlocks_IT                             build/stm32f4xx_hal_sd.o
HAL_SPI_Abort                                     build/stm32f4xx_hal_spi.o
HAL_SPI_AbortCpltCallback                         build/stm32f4xx_hal_spi.o
HAL_SPI_Abort_IT                                  build/stm32f4xx_hal_spi.o
HAL_SPI_DMAPause                                  build/stm32f4xx_hal_spi.o
HAL_SPI_DMAResume                                 build/stm32f4xx_hal_spi.o
HAL_SPI_DMAStop                                   build/stm32f4xx_hal_spi.o
HAL_SPI_DeInit                                    build/stm32f4xx_hal_spi.o
HAL_SPI_ErrorCallback                             build/stm32f4xx_hal_spi.o
HAL_SPI_GetError                                  build/stm32f4xx_hal_spi.o
HAL_SPI_GetState                                  build/stm32f4xx_hal_spi.o
HAL_SPI_IRQHandler                                build/stm32f4xx_hal_spi.o
HAL_SPI_Init                                      build/stm32f4xx_hal_spi.o
                                                  build/main.o
HAL_SPI_MspDeInit                                 build/stm32f4xx_hal_msp.o
HAL_SPI_MspInit                                   build/stm32f4xx_hal_msp.o
HAL_SPI_Receive                                   build/stm32f4xx_hal_spi.o
HAL_SPI_Receive_DMA                               build/stm32f4xx_hal_spi.o
HAL_SPI_Receive_IT                                build/stm32f4xx_hal_spi.o
HAL_SPI_RxCpltCallback                            build/stm32f4xx_hal_spi.o
HAL_SPI_RxHalfCpltCallback                        build/stm32f4xx_hal_spi.o
HAL_SPI_Transmit                                  build/stm32f4xx_hal_spi.o
                                                  build/main.o
HAL_SPI_TransmitReceive                           build/stm32f4xx_hal_spi.o
                                                  build/main.o
HAL_SPI_TransmitReceive_DMA                       build/stm32f4xx_hal_spi.o
HAL_SPI_TransmitReceive_IT                        build/stm32f4xx_hal_spi.o
HAL_SPI_Transmit_DMA                              build/stm32f4xx_hal_spi.o
HAL_SPI_Transmit_IT                               build/stm32f4xx_hal_spi.o
HAL_SPI_TxCpltCallback                            build/stm32f4xx_hal_spi.o
HAL_SPI_TxHalfCpltCallback                        build/stm32f4xx_hal_spi.o
HAL_SPI_TxRxCpltCallback                          build/stm32f4xx_hal_spi.o
HAL_SPI_TxRxHalfCpltCallback                      build/stm32f4xx_hal_spi.o
HAL_SYSTICK_CLKSourceConfig                       build/stm32f4xx_hal_cortex.o
HAL_SYSTICK_Callback                              build/stm32f4xx_hal_cortex.o
HAL_SYSTICK_Config                                build/stm32f4xx_hal_cortex.o
                                                  build/stm32f4xx_hal.o
HAL_SYSTICK_IRQHandler                            build/stm32f4xx_hal_cortex.o
HAL_SetTickFreq                                   build/stm32f4xx_hal.o
HAL_SuspendTick                                   build/stm32f4xx_hal.o
HASH_RNG_IRQHandler                               build/startup_stm32f407xx.o
HardFault_Handler                                 build/stm32f4xx_it.o
I2C1_ER_IRQHandler                                build/startup_stm32f407xx.o
I2C1_EV_IRQHandler                                build/startup_stm32f407xx.o
I2C2_ER_IRQHandler                                build/startup_stm32f407xx.o
I2C2_EV_IRQHandler                                build/startup_stm32f407xx.o
I2C3_ER_IRQHandler                                build/startup_stm32f407xx.o
I2C3_EV_IRQHandler                                build/startup_stm32f407xx.o
MemManage_Handler                                 build/stm32f4xx_it.o
NMI_Handler                                       build/stm32f4xx_it.o
OTG_FS_IRQHandler                                 build/startup_stm32f407xx.o
OTG_FS_WKUP_IRQHandler                            build/startup_stm32f407xx.o
OTG_HS_EP1_IN_IRQHandler                          build/startup_stm32f407xx.o
OTG_HS_EP1_OUT_IRQHandler                         build/startup_stm32f407xx.o
OTG_HS_IRQHandler                                 build/startup_stm32f407xx.o
OTG_HS_WKUP_IRQHandler                            build/startup_stm32f407xx.o
PVD_IRQHandler                                    build/startup_stm32f407xx.o
PendSV_Handler                                    build/stm32f4xx_it.o
RCC_IRQHandler                                    build/startup_stm32f407xx.o
RTC_Alarm_IRQHandler                              build/startup_stm32f407xx.o
RTC_WKUP_IRQHandler                               build/startup_stm32f407xx.o
Reset_Handler                                     build/startup_stm32f407xx.o
SDIO_ConfigData                                   build/stm32f4xx_ll_sdmmc.o
                                                  build/stm32f4xx_hal_sd.o
SDIO_GetCommandResponse                           build/stm32f4xx_ll_sdmmc.o
SDIO_GetDataCounter                               build/stm32f4xx_ll_sdmmc.o
SDIO_GetFIFOCount                                 build/stm32f4xx_ll_sdmmc.o
SDIO_GetPowerState                                build/stm32f4xx_ll_sdmmc.o
                                                  build/stm32f4xx_hal_sd.o
SDIO_GetResponse                                  build/stm32f4xx_ll_sdmmc.o
                                                  build/stm32f4xx_hal_sd.o
SDIO_IRQHandler                                   build/stm32f4xx_it.o
SDIO_Init                                         build/stm32f4xx_ll_sdmmc.o
                                                  build/stm32f4xx_hal_sd.o
SDIO_PowerState_OFF                               build/stm32f4xx_ll_sdmmc.o
                                                  build/stm32f4xx_hal_sd.o
SDIO_PowerState_ON                                build/stm32f4xx_ll_sdmmc.o
                                                  build/stm32f4xx_hal_sd.o
SDIO_ReadFIFO                                     build/stm32f4xx_ll_sdmmc.o
                                                  build/stm32f4xx_hal_sd.o
SDIO_SendCommand                                  build/stm32f4xx_ll_sdmmc.o
SDIO_SetSDMMCReadWaitMode                         build/stm32f4xx_ll_sdmmc.o
SDIO_WriteFIFO                                    build/stm32f4xx_ll_sdmmc.o
                                                  build/stm32f4xx_hal_sd.o
SDMMC_CmdAppCommand                               build/stm32f4xx_ll_sdmmc.o
                                                  build/stm32f4xx_hal_sd.o
SDMMC_CmdAppOperCommand                           build/stm32f4xx_ll_sdmmc.o
                                                  build/stm32f4xx_hal_sd.o
SDMMC_CmdBlockLength                              build/stm32f4xx_ll_sdmmc.o
                                                  build/stm32f4xx_hal_sd.o
SDMMC_CmdBusWidth                                 build/stm32f4xx_ll_sdmmc.o
                                                  build/stm32f4xx_hal_sd.o
SDMMC_CmdErase                                    build/stm32f4xx_ll_sdmmc.o
                                                  build/stm32f4xx_hal_sd.o
SDMMC_CmdEraseEndAdd                              build/stm32f4xx_ll_sdmmc.o
SDMMC_CmdEraseStartAdd                            build/stm32f4xx_ll_sdmmc.o
SDMMC_CmdGoIdleState                              build/stm32f4xx_ll_sdmmc.o
                                                  build/stm32f4xx_hal_sd.o
SDMMC_CmdOpCondition                              build/stm32f4xx_ll_sdmmc.o
SDMMC_CmdOperCond                                 build/stm32f4xx_ll_sdmmc.o
                                                  build/stm32f4xx_hal_sd.o
SDMMC_CmdReadMultiBlock                           build/stm32f4xx_ll_sdmmc.o
                                                  build/stm32f4xx_hal_sd.o
SDMMC_CmdReadSingleBlock                          build/stm32f4xx_ll_sdmmc.o
                                                  build/stm32f4xx_hal_sd.o
SDMMC_CmdSDEraseEndAdd                            build/stm32f4xx_ll_sdmmc.o
                                                  build/stm32f4xx_hal_sd.o
SDMMC_CmdSDEraseStartAdd                          build/stm32f4xx_ll_sdmmc.o
                                                  build/stm32f4xx_hal_sd.o
SDMMC_CmdSelDesel                                 build/stm32f4xx_ll_sdmmc.o
                                                  build/stm32f4xx_hal_sd.o
SDMMC_CmdSendCID                                  build/stm32f4xx_ll_sdmmc.o
                                                  build/stm32f4xx_hal_sd.o
SDMMC_CmdSendCSD                                  build/stm32f4xx_ll_sdmmc.o
                                                  build/stm32f4xx_hal_sd.o
SDMMC_CmdSendSCR                                  build/stm32f4xx_ll_sdmmc.o
                                                  build/stm32f4xx_hal_sd.o
SDMMC_CmdSendStatus                               build/stm32f4xx_ll_sdmmc.o
                                                  build/stm32f4xx_hal_sd.o
SDMMC_CmdSetRelAdd                                build/stm32f4xx_ll_sdmmc.o
                                                  build/stm32f4xx_hal_sd.o
SDMMC_CmdStatusRegister                           build/stm32f4xx_ll_sdmmc.o
                                                  build/stm32f4xx_hal_sd.o
SDMMC_CmdStopTransfer                             build/stm32f4xx_ll_sdmmc.o
                                                  build/stm32f4xx_hal_sd.o
SDMMC_CmdSwitch                                   build/stm32f4xx_ll_sdmmc.o
SDMMC_CmdWriteMultiBlock                          build/stm32f4xx_ll_sdmmc.o
                                                  build/stm32f4xx_hal_sd.o
SDMMC_CmdWriteSingleBlock                         build/stm32f4xx_ll_sdmmc.o
                                                  build/stm32f4xx_hal_sd.o
SPI1_IRQHandler                                   build/startup_stm32f407xx.o
SPI2_IRQHandler                                   build/startup_stm32f407xx.o
SPI3_IRQHandler                                   build/startup_stm32f407xx.o
SVC_Handler                                       build/stm32f4xx_it.o
SysTick_Handler                                   build/stm32f4xx_it.o
SystemClock_Config                                build/main.o
SystemCoreClock                                   build/system_stm32f4xx.o
                                                  build/stm32f4xx_hal.o
                                                  build/stm32f4xx_hal_dma.o
                                                  build/stm32f4xx_hal_rcc_ex.o
                                                  build/stm32f4xx_hal_rcc.o
                                                  build/stm32f4xx_hal_spi.o
                                                  build/stm32f4xx_ll_sdmmc.o
SystemCoreClockUpdate                             build/system_stm32f4xx.o
SystemInit                                        build/system_stm32f4xx.o
                                                  build/startup_stm32f407xx.o
TAMP_STAMP_IRQHandler                             build/startup_stm32f407xx.o
TIM1_BRK_TIM9_IRQHandler                          build/startup_stm32f407xx.o
TIM1_CC_IRQHandler                                build/startup_stm32f407xx.o
TIM1_TRG_COM_TIM11_IRQHandler                     build/startup_stm32f407xx.o
TIM1_UP_TIM10_IRQHandler                          build/startup_stm32f407xx.o
TIM2_IRQHandler                                   build/startup_stm32f407xx.o
TIM3_IRQHandler                                   build/startup_stm32f407xx.o
TIM4_IRQHandler                                   build/startup_stm32f407xx.o
TIM5_IRQHandler                                   build/startup_stm32f407xx.o
TIM6_DAC_IRQHandler                               build/startup_stm32f407xx.o
TIM7_IRQHandler                                   build/startup_stm32f407xx.o
TIM8_BRK_TIM12_IRQHandler                         build/startup_stm32f407xx.o
TIM8_CC_IRQHandler                                build/startup_stm32f407xx.o
TIM8_TRG_COM_TIM14_IRQHandler                     build/startup_stm32f407xx.o
TIM8_UP_TIM13_IRQHandler                          build/startup_stm32f407xx.o
UART4_IRQHandler                                  build/startup_stm32f407xx.o
UART5_IRQHandler                                  build/startup_stm32f407xx.o
USART1_IRQHandler                                 build/startup_stm32f407xx.o
USART2_IRQHandler                                 build/startup_stm32f407xx.o
USART3_IRQHandler                                 build/startup_stm32f407xx.o
USART6_IRQHandler                                 build/startup_stm32f407xx.o
UsageFault_Handler                                build/stm32f4xx_it.o
WWDG_IRQHandler                                   build/startup_stm32f407xx.o
__aeabi_idiv0                                     /usr/lib/gcc/arm-none-eabi/8.2.0/thumb/v7e-m+fp/hard/libgcc.a(_dvmd_tls.o)
__aeabi_ldiv0                                     /usr/lib/gcc/arm-none-eabi/8.2.0/thumb/v7e-m+fp/hard/libgcc.a(_dvmd_tls.o)
                                                  /usr/lib/gcc/arm-none-eabi/8.2.0/thumb/v7e-m+fp/hard/libgcc.a(_aeabi_uldivmod.o)
__aeabi_uldivmod                                  /usr/lib/gcc/arm-none-eabi/8.2.0/thumb/v7e-m+fp/hard/libgcc.a(_aeabi_uldivmod.o)
                                                  build/stm32f4xx_hal_rcc.o
__atexit_dummy                                    /usr/lib/gcc/arm-none-eabi/8.2.0/../../../../arm-none-eabi/lib/thumb/v7e-m+fp/hard/libc_nano.a(lib_a-__atexit.o)
__bss_end__                                       /usr/lib/gcc/arm-none-eabi/8.2.0/../../../../arm-none-eabi/lib/thumb/v7e-m+fp/hard/crt0.o
__bss_start__                                     /usr/lib/gcc/arm-none-eabi/8.2.0/../../../../arm-none-eabi/lib/thumb/v7e-m+fp/hard/crt0.o
__call_exitprocs                                  /usr/lib/gcc/arm-none-eabi/8.2.0/../../../../arm-none-eabi/lib/thumb/v7e-m+fp/hard/libc_nano.a(lib_a-__call_atexit.o)
                                                  /usr/lib/gcc/arm-none-eabi/8.2.0/../../../../arm-none-eabi/lib/thumb/v7e-m+fp/hard/libc_nano.a(lib_a-__atexit.o)
                                                  /usr/lib/gcc/arm-none-eabi/8.2.0/../../../../arm-none-eabi/lib/thumb/v7e-m+fp/hard/libc_nano.a(lib_a-exit.o)
__deregister_frame_info                           /usr/lib/gcc/arm-none-eabi/8.2.0/thumb/v7e-m+fp/hard/crtbegin.o
__dso_handle                                      /usr/lib/gcc/arm-none-eabi/8.2.0/thumb/v7e-m+fp/hard/crtbegin.o
__fini_array_end                                  /usr/lib/gcc/arm-none-eabi/8.2.0/../../../../arm-none-eabi/lib/thumb/v7e-m+fp/hard/libc_nano.a(lib_a-fini.o)
__fini_array_start                                /usr/lib/gcc/arm-none-eabi/8.2.0/../../../../arm-none-eabi/lib/thumb/v7e-m+fp/hard/libc_nano.a(lib_a-fini.o)
__init_array_end                                  /usr/lib/gcc/arm-none-eabi/8.2.0/../../../../arm-none-eabi/lib/thumb/v7e-m+fp/hard/libc_nano.a(lib_a-init.o)
__init_array_start                                /usr/lib/gcc/arm-none-eabi/8.2.0/../../../../arm-none-eabi/lib/thumb/v7e-m+fp/hard/libc_nano.a(lib_a-init.o)
__libc_fini_array                                 /usr/lib/gcc/arm-none-eabi/8.2.0/../../../../arm-none-eabi/lib/thumb/v7e-m+fp/hard/libc_nano.a(lib_a-fini.o)
                                                  /usr/lib/gcc/arm-none-eabi/8.2.0/../../../../arm-none-eabi/lib/thumb/v7e-m+fp/hard/crt0.o
__libc_init_array                                 /usr/lib/gcc/arm-none-eabi/8.2.0/../../../../arm-none-eabi/lib/thumb/v7e-m+fp/hard/libc_nano.a(lib_a-init.o)
                                                  build/startup_stm32f407xx.o
                                                  /usr/lib/gcc/arm-none-eabi/8.2.0/../../../../arm-none-eabi/lib/thumb/v7e-m+fp/hard/crt0.o
__on_exit_args                                    /usr/lib/gcc/arm-none-eabi/8.2.0/../../../../arm-none-eabi/lib/thumb/v7e-m+fp/hard/libc_nano.a(lib_a-__atexit.o)
__preinit_array_end                               /usr/lib/gcc/arm-none-eabi/8.2.0/../../../../arm-none-eabi/lib/thumb/v7e-m+fp/hard/libc_nano.a(lib_a-init.o)
__preinit_array_start                             /usr/lib/gcc/arm-none-eabi/8.2.0/../../../../arm-none-eabi/lib/thumb/v7e-m+fp/hard/libc_nano.a(lib_a-init.o)
__register_exitproc                               /usr/lib/gcc/arm-none-eabi/8.2.0/../../../../arm-none-eabi/lib/thumb/v7e-m+fp/hard/libc_nano.a(lib_a-__atexit.o)
                                                  /usr/lib/gcc/arm-none-eabi/8.2.0/../../../../arm-none-eabi/lib/thumb/v7e-m+fp/hard/libc_nano.a(lib_a-atexit.o)
__register_frame_info                             /usr/lib/gcc/arm-none-eabi/8.2.0/thumb/v7e-m+fp/hard/crtbegin.o
__sf_fake_stderr                                  /usr/lib/gcc/arm-none-eabi/8.2.0/../../../../arm-none-eabi/lib/thumb/v7e-m+fp/hard/libc_nano.a(lib_a-impure.o)
__sf_fake_stdin                                   /usr/lib/gcc/arm-none-eabi/8.2.0/../../../../arm-none-eabi/lib/thumb/v7e-m+fp/hard/libc_nano.a(lib_a-impure.o)
__sf_fake_stdout                                  /usr/lib/gcc/arm-none-eabi/8.2.0/../../../../arm-none-eabi/lib/thumb/v7e-m+fp/hard/libc_nano.a(lib_a-impure.o)
__stack                                           /usr/lib/gcc/arm-none-eabi/8.2.0/../../../../arm-none-eabi/lib/thumb/v7e-m+fp/hard/crt0.o
__udivmoddi4                                      /usr/lib/gcc/arm-none-eabi/8.2.0/thumb/v7e-m+fp/hard/libgcc.a(_udivmoddi4.o)
                                                  /usr/lib/gcc/arm-none-eabi/8.2.0/thumb/v7e-m+fp/hard/libgcc.a(_aeabi_uldivmod.o)
_ebss                                             build/startup_stm32f407xx.o
_edata                                            build/startup_stm32f407xx.o
_estack                                           build/startup_stm32f407xx.o
_exit                                             /usr/lib/gcc/arm-none-eabi/8.2.0/../../../../arm-none-eabi/lib/thumb/v7e-m+fp/hard/libnosys.a(_exit.o)
                                                  /usr/lib/gcc/arm-none-eabi/8.2.0/../../../../arm-none-eabi/lib/thumb/v7e-m+fp/hard/libc_nano.a(lib_a-exit.o)
_fini                                             /usr/lib/gcc/arm-none-eabi/8.2.0/thumb/v7e-m+fp/hard/crti.o
                                                  /usr/lib/gcc/arm-none-eabi/8.2.0/../../../../arm-none-eabi/lib/thumb/v7e-m+fp/hard/libc_nano.a(lib_a-fini.o)
_global_atexit                                    /usr/lib/gcc/arm-none-eabi/8.2.0/../../../../arm-none-eabi/lib/thumb/v7e-m+fp/hard/libc_nano.a(lib_a-__call_atexit.o)
                                                  /usr/lib/gcc/arm-none-eabi/8.2.0/../../../../arm-none-eabi/lib/thumb/v7e-m+fp/hard/libc_nano.a(lib_a-__atexit.o)
_global_impure_ptr                                /usr/lib/gcc/arm-none-eabi/8.2.0/../../../../arm-none-eabi/lib/thumb/v7e-m+fp/hard/libc_nano.a(lib_a-impure.o)
                                                  /usr/lib/gcc/arm-none-eabi/8.2.0/../../../../arm-none-eabi/lib/thumb/v7e-m+fp/hard/libc_nano.a(lib_a-exit.o)
_impure_ptr                                       /usr/lib/gcc/arm-none-eabi/8.2.0/../../../../arm-none-eabi/lib/thumb/v7e-m+fp/hard/libc_nano.a(lib_a-impure.o)
_init                                             /usr/lib/gcc/arm-none-eabi/8.2.0/thumb/v7e-m+fp/hard/crti.o
                                                  /usr/lib/gcc/arm-none-eabi/8.2.0/../../../../arm-none-eabi/lib/thumb/v7e-m+fp/hard/libc_nano.a(lib_a-init.o)
_mainCRTStartup                                   /usr/lib/gcc/arm-none-eabi/8.2.0/../../../../arm-none-eabi/lib/thumb/v7e-m+fp/hard/crt0.o
_sbss                                             build/startup_stm32f407xx.o
_sdata                                            build/startup_stm32f407xx.o
_sidata                                           build/startup_stm32f407xx.o
_start                                            /usr/lib/gcc/arm-none-eabi/8.2.0/../../../../arm-none-eabi/lib/thumb/v7e-m+fp/hard/crt0.o
atexit                                            /usr/lib/gcc/arm-none-eabi/8.2.0/../../../../arm-none-eabi/lib/thumb/v7e-m+fp/hard/libc_nano.a(lib_a-atexit.o)
                                                  /usr/lib/gcc/arm-none-eabi/8.2.0/../../../../arm-none-eabi/lib/thumb/v7e-m+fp/hard/crt0.o
exit                                              /usr/lib/gcc/arm-none-eabi/8.2.0/../../../../arm-none-eabi/lib/thumb/v7e-m+fp/hard/libc_nano.a(lib_a-exit.o)
                                                  /usr/lib/gcc/arm-none-eabi/8.2.0/../../../../arm-none-eabi/lib/thumb/v7e-m+fp/hard/crt0.o
g_pfnVectors                                      build/startup_stm32f407xx.o
hardware_init_hook                                /usr/lib/gcc/arm-none-eabi/8.2.0/../../../../arm-none-eabi/lib/thumb/v7e-m+fp/hard/crt0.o
hdma_sdio_rx                                      build/main.o
                                                  build/stm32f4xx_hal_msp.o
                                                  build/stm32f4xx_it.o
hdma_spi1_rx                                      build/main.o
                                                  build/stm32f4xx_hal_msp.o
                                                  build/stm32f4xx_it.o
hsd                                               build/main.o
                                                  build/stm32f4xx_it.o
hspi1                                             build/main.o
main                                              build/main.o
                                                  build/startup_stm32f407xx.o
                                                  /usr/lib/gcc/arm-none-eabi/8.2.0/../../../../arm-none-eabi/lib/thumb/v7e-m+fp/hard/crt0.o
malloc                                            /usr/lib/gcc/arm-none-eabi/8.2.0/../../../../arm-none-eabi/lib/thumb/v7e-m+fp/hard/libc_nano.a(lib_a-__atexit.o)
memset                                            /usr/lib/gcc/arm-none-eabi/8.2.0/../../../../arm-none-eabi/lib/thumb/v7e-m+fp/hard/libc_nano.a(lib_a-memset.o)
                                                  build/main.o
                                                  /usr/lib/gcc/arm-none-eabi/8.2.0/../../../../arm-none-eabi/lib/thumb/v7e-m+fp/hard/crt0.o
pFlash                                            build/stm32f4xx_hal_flash.o
                                                  build/stm32f4xx_hal_flash_ex.o
read_accel                                        build/main.o
rx_buf                                            build/main.o
sd_buf                                            build/main.o
sd_card_addr                                      build/main.o
software_init_hook                                /usr/lib/gcc/arm-none-eabi/8.2.0/../../../../arm-none-eabi/lib/thumb/v7e-m+fp/hard/crt0.o
tx_buf                                            build/main.o
uwTick                                            build/stm32f4xx_hal.o
uwTickFreq                                        build/stm32f4xx_hal.o
uwTickPrio                                        build/stm32f4xx_hal.o
write_to_sd                                       build/main.o
